C51 COMPILER V9.01   LOG                                                                   07/05/2013 22:46:52 PAGE 1   


C51 COMPILER V9.01, COMPILATION OF MODULE LOG
OBJECT MODULE PLACED IN .\output\Log.obj
COMPILER INVOKED BY: d:\Keil\C51\BIN\C51.EXE src\Log.c BROWSE DEBUG OBJECTEXTEND PRINT(.\output\Log.lst) OBJECT(.\output
                    -\Log.obj)

line level    source

   1          /*******************************************************************************************
   2          File Name:  Log.c
   3          
   4          Version:    1.00
   5          
   6          Discription: TEST开发日志信息
   7          
   8          Author:     tengcheng
   9          
  10          Date:       2013.05.06
  11          
  12          Copyright:(c) 2013 , All Rights Reserved.
  13          *******************************************************************************************/
  14          /*********更新时间*********2013-06-20*********/
  15          //1、增加指定文件夹文件名的测试
  16          //2、文件夹的规则是 0 --- 99。对应的文件夹命名规则为00、01、10、99
  17          //3、文件名的规则是 0 --- 255.对应的文件名命名规则为001.MP3 、010.mp3、100.mp3、255.mp3
  18          //4、增加模块错误处理显示，并且文件夹以及文件名指定测试OK，对应QYM1FS_V1.6文档
  19          
  20          /*********更新时间*********2013-06-06*********/
  21          //1、更新设备的插入和拔出消息处理
  22          //2、模块更新为指定设备之后进入暂停状态
  23          
  24          /*********更新时间*********2013-06-06*********/
  25          //1、更新查询设备总文件数和查询当前播放曲目当中.UDISK和TF卡的位置。模块已经更新过来
  26          //2、板子还未更新过来。板子已更新OK
  27          
  28          /*********更新时间*********2013-06-01*********/
  29          //1、增加参数的查询测试，包括音量、EQ、播放模式、当前曲目等等，测试ok
  30          //2、初始化显示在线的设备,分别用U、T、F 三个字母代替三种设备
  31          //3、优化显示界面
  32          //4、更正选曲错误的指令
  33          //5、增加FLASH的测试.完成查询、控制等功能
  34          
  35          
  36          /*********更新时间*********2013-05-30*********/
  37          //1、增加触发模式。就是播放一曲，完毕之后，自动进入暂停状态
  38          //2、测试OK
  39          
  40          /*********更新时间*********2013-05-21*********/
  41          //1、增加应答设置
  42          //2、
  43          
  44          /*********更新时间*********2013-05-06*********/
  45          //1、增加应答机制，发送的串口消息，都要得到ACK
  46          //2、测试的问题，发现模块串口发送数据时，DAC会有杂音，好像是模块串口发送中断等待的问题
  47          
  48          
  49          /*********更新时间*********2013-05-06*********/
  50          //1、增加LCD1602显示
  51          //2、增加矩阵按键的功能，测试OK
  52          //3、增加消息机制。测试OK
  53          //4、增加串口接收的处理
  54          
C51 COMPILER V9.01   LOG                                                                   07/05/2013 22:46:52 PAGE 2   

  55          
  56          
  57          /*********更新时间*********2013-04-30*********/
  58          //1、从以前的ASR控制器移植过来，测试OK
  59          //2、增加按键的处理，具体还没有调试。


MODULE INFORMATION:   STATIC OVERLAYABLE
   CODE SIZE        =   ----    ----
   CONSTANT SIZE    =   ----    ----
   XDATA SIZE       =   ----    ----
   PDATA SIZE       =   ----    ----
   DATA SIZE        =   ----    ----
   IDATA SIZE       =   ----    ----
   BIT SIZE         =   ----    ----
END OF MODULE INFORMATION.


C51 COMPILATION COMPLETE.  0 WARNING(S),  0 ERROR(S)
